running develop
running egg_info
creating lab1_amr.egg-info
writing lab1_amr.egg-info/PKG-INFO
writing dependency_links to lab1_amr.egg-info/dependency_links.txt
writing entry points to lab1_amr.egg-info/entry_points.txt
writing requirements to lab1_amr.egg-info/requires.txt
writing top-level names to lab1_amr.egg-info/top_level.txt
writing manifest file 'lab1_amr.egg-info/SOURCES.txt'
reading manifest file 'lab1_amr.egg-info/SOURCES.txt'
writing manifest file 'lab1_amr.egg-info/SOURCES.txt'
running build_ext
Creating /home/hero/fra532_ws/install/lab1_amr/lib/python3.10/site-packages/lab1-amr.egg-link (link to .)

Installed /home/hero/fra532_ws/build/lab1_amr
running symlink_data
creating /home/hero/fra532_ws/install/lab1_amr/share/ament_index
creating /home/hero/fra532_ws/install/lab1_amr/share/ament_index/resource_index
creating /home/hero/fra532_ws/install/lab1_amr/share/ament_index/resource_index/packages
symbolically linking /home/hero/fra532_ws/build/lab1_amr/resource/lab1_amr -> /home/hero/fra532_ws/install/lab1_amr/share/ament_index/resource_index/packages
symbolically linking /home/hero/fra532_ws/build/lab1_amr/package.xml -> /home/hero/fra532_ws/install/lab1_amr/share/lab1_amr
