[0.375s] Invoking command in '/home/hero/fra532_ws/build/lab1_amr': PYTHONPATH=/home/hero/fra532_ws/build/lab1_amr/prefix_override:/usr/lib/python3/dist-packages/colcon_core/task/python/colcon_distutils_commands:/home/hero/fra532_ws/install/lab1_amr/lib/python3.10/site-packages:${PYTHONPATH} /usr/bin/python3 -W ignore:setup.py install is deprecated -W ignore:easy_install command is deprecated setup.py develop --editable --build-directory /home/hero/fra532_ws/build/lab1_amr/build --no-deps symlink_data
[0.528s] running develop
[0.618s] running egg_info
[0.618s] creating lab1_amr.egg-info
[0.618s] writing lab1_amr.egg-info/PKG-INFO
[0.619s] writing dependency_links to lab1_amr.egg-info/dependency_links.txt
[0.619s] writing entry points to lab1_amr.egg-info/entry_points.txt
[0.619s] writing requirements to lab1_amr.egg-info/requires.txt
[0.619s] writing top-level names to lab1_amr.egg-info/top_level.txt
[0.619s] writing manifest file 'lab1_amr.egg-info/SOURCES.txt'
[0.620s] reading manifest file 'lab1_amr.egg-info/SOURCES.txt'
[0.621s] writing manifest file 'lab1_amr.egg-info/SOURCES.txt'
[0.623s] running build_ext
[0.623s] Creating /home/hero/fra532_ws/install/lab1_amr/lib/python3.10/site-packages/lab1-amr.egg-link (link to .)
[0.624s] 
[0.624s] Installed /home/hero/fra532_ws/build/lab1_amr
[0.624s] running symlink_data
[0.624s] creating /home/hero/fra532_ws/install/lab1_amr/share/ament_index
[0.624s] creating /home/hero/fra532_ws/install/lab1_amr/share/ament_index/resource_index
[0.624s] creating /home/hero/fra532_ws/install/lab1_amr/share/ament_index/resource_index/packages
[0.624s] symbolically linking /home/hero/fra532_ws/build/lab1_amr/resource/lab1_amr -> /home/hero/fra532_ws/install/lab1_amr/share/ament_index/resource_index/packages
[0.624s] symbolically linking /home/hero/fra532_ws/build/lab1_amr/package.xml -> /home/hero/fra532_ws/install/lab1_amr/share/lab1_amr
[0.649s] Invoked command in '/home/hero/fra532_ws/build/lab1_amr' returned '0': PYTHONPATH=/home/hero/fra532_ws/build/lab1_amr/prefix_override:/usr/lib/python3/dist-packages/colcon_core/task/python/colcon_distutils_commands:/home/hero/fra532_ws/install/lab1_amr/lib/python3.10/site-packages:${PYTHONPATH} /usr/bin/python3 -W ignore:setup.py install is deprecated -W ignore:easy_install command is deprecated setup.py develop --editable --build-directory /home/hero/fra532_ws/build/lab1_amr/build --no-deps symlink_data
