[0.378s] Invoking command in '/home/hero/fra532_ws/src/lab1_amr': PYTHONPATH=/home/hero/fra532_ws/build/lab1_amr/prefix_override:/usr/lib/python3/dist-packages/colcon_core/task/python/colcon_distutils_commands:/home/hero/fra532_ws/install/lab1_amr/lib/python3.10/site-packages:${PYTHONPATH} /usr/bin/python3 -W ignore:setup.py install is deprecated -W ignore:easy_install command is deprecated setup.py egg_info --egg-base ../../build/lab1_amr build --build-base /home/hero/fra532_ws/build/lab1_amr/build install --record /home/hero/fra532_ws/build/lab1_amr/install.log --single-version-externally-managed install_data
[0.527s] running egg_info
[0.527s] writing ../../build/lab1_amr/lab1_amr.egg-info/PKG-INFO
[0.528s] writing dependency_links to ../../build/lab1_amr/lab1_amr.egg-info/dependency_links.txt
[0.528s] writing entry points to ../../build/lab1_amr/lab1_amr.egg-info/entry_points.txt
[0.528s] writing requirements to ../../build/lab1_amr/lab1_amr.egg-info/requires.txt
[0.528s] writing top-level names to ../../build/lab1_amr/lab1_amr.egg-info/top_level.txt
[0.530s] reading manifest file '../../build/lab1_amr/lab1_amr.egg-info/SOURCES.txt'
[0.532s] writing manifest file '../../build/lab1_amr/lab1_amr.egg-info/SOURCES.txt'
[0.532s] running build
[0.532s] running build_py
[0.532s] running install
[0.533s] running install_lib
[0.534s] running install_data
[0.534s] copying launch/slam_full.launch.py -> /home/hero/fra532_ws/install/lab1_amr/share/lab1_amr/launch
[0.534s] running install_egg_info
[0.536s] removing '/home/hero/fra532_ws/install/lab1_amr/lib/python3.10/site-packages/lab1_amr-0.0.0-py3.10.egg-info' (and everything under it)
[0.536s] Copying ../../build/lab1_amr/lab1_amr.egg-info to /home/hero/fra532_ws/install/lab1_amr/lib/python3.10/site-packages/lab1_amr-0.0.0-py3.10.egg-info
[0.537s] running install_scripts
[0.553s] Installing ekf_yaw_fusion script to /home/hero/fra532_ws/install/lab1_amr/lib/lab1_amr
[0.553s] Installing icp_odom script to /home/hero/fra532_ws/install/lab1_amr/lib/lab1_amr
[0.553s] Installing wheel_odom script to /home/hero/fra532_ws/install/lab1_amr/lib/lab1_amr
[0.553s] writing list of installed files to '/home/hero/fra532_ws/build/lab1_amr/install.log'
[0.568s] Invoked command in '/home/hero/fra532_ws/src/lab1_amr' returned '0': PYTHONPATH=/home/hero/fra532_ws/build/lab1_amr/prefix_override:/usr/lib/python3/dist-packages/colcon_core/task/python/colcon_distutils_commands:/home/hero/fra532_ws/install/lab1_amr/lib/python3.10/site-packages:${PYTHONPATH} /usr/bin/python3 -W ignore:setup.py install is deprecated -W ignore:easy_install command is deprecated setup.py egg_info --egg-base ../../build/lab1_amr build --build-base /home/hero/fra532_ws/build/lab1_amr/build install --record /home/hero/fra532_ws/build/lab1_amr/install.log --single-version-externally-managed install_data
