/home/hero/fra532_ws/install/lab1_amr/lib/python3.10/site-packages/lab1_amr/ekf_yaw_fusion.py
/home/hero/fra532_ws/install/lab1_amr/lib/python3.10/site-packages/lab1_amr/wheel_odom.py
/home/hero/fra532_ws/install/lab1_amr/lib/python3.10/site-packages/lab1_amr/icp_odom.py
/home/hero/fra532_ws/install/lab1_amr/lib/python3.10/site-packages/lab1_amr/__init__.py
/home/hero/fra532_ws/install/lab1_amr/lib/python3.10/site-packages/lab1_amr/__pycache__/ekf_yaw_fusion.cpython-310.pyc
/home/hero/fra532_ws/install/lab1_amr/lib/python3.10/site-packages/lab1_amr/__pycache__/wheel_odom.cpython-310.pyc
/home/hero/fra532_ws/install/lab1_amr/lib/python3.10/site-packages/lab1_amr/__pycache__/icp_odom.cpython-310.pyc
/home/hero/fra532_ws/install/lab1_amr/lib/python3.10/site-packages/lab1_amr/__pycache__/__init__.cpython-310.pyc
/home/hero/fra532_ws/install/lab1_amr/share/ament_index/resource_index/packages/lab1_amr
/home/hero/fra532_ws/install/lab1_amr/share/lab1_amr/package.xml
/home/hero/fra532_ws/install/lab1_amr/share/lab1_amr/launch/lab1_a_bag.launch.py
/home/hero/fra532_ws/install/lab1_amr/share/lab1_amr/launch/part3_slam.launch.py
/home/hero/fra532_ws/install/lab1_amr/share/lab1_amr/launch/slam_full.launch.py
/home/hero/fra532_ws/install/lab1_amr/share/lab1_amr/config/wheel_params.yaml
/home/hero/fra532_ws/install/lab1_amr/share/lab1_amr/config/ekf_params.yaml
/home/hero/fra532_ws/install/lab1_amr/share/lab1_amr/config/icp_params.yaml
/home/hero/fra532_ws/install/lab1_amr/share/lab1_amr/config/slam_params.yaml
/home/hero/fra532_ws/install/lab1_amr/share/lab1_amr/rviz/lab1.rviz
/home/hero/fra532_ws/install/lab1_amr/lib/python3.10/site-packages/lab1_amr-0.0.0-py3.10.egg-info/entry_points.txt
/home/hero/fra532_ws/install/lab1_amr/lib/python3.10/site-packages/lab1_amr-0.0.0-py3.10.egg-info/dependency_links.txt
/home/hero/fra532_ws/install/lab1_amr/lib/python3.10/site-packages/lab1_amr-0.0.0-py3.10.egg-info/top_level.txt
/home/hero/fra532_ws/install/lab1_amr/lib/python3.10/site-packages/lab1_amr-0.0.0-py3.10.egg-info/PKG-INFO
/home/hero/fra532_ws/install/lab1_amr/lib/python3.10/site-packages/lab1_amr-0.0.0-py3.10.egg-info/requires.txt
/home/hero/fra532_ws/install/lab1_amr/lib/python3.10/site-packages/lab1_amr-0.0.0-py3.10.egg-info/zip-safe
/home/hero/fra532_ws/install/lab1_amr/lib/python3.10/site-packages/lab1_amr-0.0.0-py3.10.egg-info/SOURCES.txt
/home/hero/fra532_ws/install/lab1_amr/lib/lab1_amr/ekf_yaw_fusion
/home/hero/fra532_ws/install/lab1_amr/lib/lab1_amr/icp_odom
/home/hero/fra532_ws/install/lab1_amr/lib/lab1_amr/wheel_odom
