running egg_info
writing ../../build/lab1_amr/lab1_amr.egg-info/PKG-INFO
writing dependency_links to ../../build/lab1_amr/lab1_amr.egg-info/dependency_links.txt
writing entry points to ../../build/lab1_amr/lab1_amr.egg-info/entry_points.txt
writing requirements to ../../build/lab1_amr/lab1_amr.egg-info/requires.txt
writing top-level names to ../../build/lab1_amr/lab1_amr.egg-info/top_level.txt
reading manifest file '../../build/lab1_amr/lab1_amr.egg-info/SOURCES.txt'
writing manifest file '../../build/lab1_amr/lab1_amr.egg-info/SOURCES.txt'
running build
running build_py
running install
running install_lib
running install_data
copying launch/slam_full.launch.py -> /home/hero/fra532_ws/install/lab1_amr/share/lab1_amr/launch
running install_egg_info
removing '/home/hero/fra532_ws/install/lab1_amr/lib/python3.10/site-packages/lab1_amr-0.0.0-py3.10.egg-info' (and everything under it)
Copying ../../build/lab1_amr/lab1_amr.egg-info to /home/hero/fra532_ws/install/lab1_amr/lib/python3.10/site-packages/lab1_amr-0.0.0-py3.10.egg-info
running install_scripts
Installing ekf_yaw_fusion script to /home/hero/fra532_ws/install/lab1_amr/lib/lab1_amr
Installing icp_odom script to /home/hero/fra532_ws/install/lab1_amr/lib/lab1_amr
Installing wheel_odom script to /home/hero/fra532_ws/install/lab1_amr/lib/lab1_amr
writing list of installed files to '/home/hero/fra532_ws/build/lab1_amr/install.log'
