[0.419s] Invoking command in '/home/hero/fra532_ws/src/lab1_amr': PYTHONPATH=/home/hero/fra532_ws/build/lab1_amr/prefix_override:/usr/lib/python3/dist-packages/colcon_core/task/python/colcon_distutils_commands:/home/hero/fra532_ws/install/lab1_amr/lib/python3.10/site-packages:${PYTHONPATH} /usr/bin/python3 -W ignore:setup.py install is deprecated -W ignore:easy_install command is deprecated setup.py egg_info --egg-base ../../build/lab1_amr build --build-base /home/hero/fra532_ws/build/lab1_amr/build install --record /home/hero/fra532_ws/build/lab1_amr/install.log --single-version-externally-managed install_data
[0.563s] running egg_info
[0.563s] writing ../../build/lab1_amr/lab1_amr.egg-info/PKG-INFO
[0.563s] writing dependency_links to ../../build/lab1_amr/lab1_amr.egg-info/dependency_links.txt
[0.563s] writing entry points to ../../build/lab1_amr/lab1_amr.egg-info/entry_points.txt
[0.563s] writing requirements to ../../build/lab1_amr/lab1_amr.egg-info/requires.txt
[0.563s] writing top-level names to ../../build/lab1_amr/lab1_amr.egg-info/top_level.txt
[0.564s] reading manifest file '../../build/lab1_amr/lab1_amr.egg-info/SOURCES.txt'
[0.566s] writing manifest file '../../build/lab1_amr/lab1_amr.egg-info/SOURCES.txt'
[0.566s] running build
[0.566s] running build_py
[0.566s] running install
[0.566s] running install_lib
[0.567s] running install_data
[0.567s] copying launch/slam_full.launch.py -> /home/hero/fra532_ws/install/lab1_amr/share/lab1_amr/launch
[0.567s] running install_egg_info
[0.568s] removing '/home/hero/fra532_ws/install/lab1_amr/lib/python3.10/site-packages/lab1_amr-0.0.0-py3.10.egg-info' (and everything under it)
[0.569s] Copying ../../build/lab1_amr/lab1_amr.egg-info to /home/hero/fra532_ws/install/lab1_amr/lib/python3.10/site-packages/lab1_amr-0.0.0-py3.10.egg-info
[0.569s] running install_scripts
[0.583s] Installing ekf_yaw_fusion script to /home/hero/fra532_ws/install/lab1_amr/lib/lab1_amr
[0.583s] Installing icp_odom script to /home/hero/fra532_ws/install/lab1_amr/lib/lab1_amr
[0.583s] Installing wheel_odom script to /home/hero/fra532_ws/install/lab1_amr/lib/lab1_amr
[0.583s] writing list of installed files to '/home/hero/fra532_ws/build/lab1_amr/install.log'
[0.602s] Invoked command in '/home/hero/fra532_ws/src/lab1_amr' returned '0': PYTHONPATH=/home/hero/fra532_ws/build/lab1_amr/prefix_override:/usr/lib/python3/dist-packages/colcon_core/task/python/colcon_distutils_commands:/home/hero/fra532_ws/install/lab1_amr/lib/python3.10/site-packages:${PYTHONPATH} /usr/bin/python3 -W ignore:setup.py install is deprecated -W ignore:easy_install command is deprecated setup.py egg_info --egg-base ../../build/lab1_amr build --build-base /home/hero/fra532_ws/build/lab1_amr/build install --record /home/hero/fra532_ws/build/lab1_amr/install.log --single-version-externally-managed install_data
