running develop
Removing /home/hero/fra532_ws/install/lab1_amr/lib/python3.10/site-packages/lab1-amr.egg-link (link to .)
running egg_info
writing ../../build/lab1_amr/lab1_amr.egg-info/PKG-INFO
writing dependency_links to ../../build/lab1_amr/lab1_amr.egg-info/dependency_links.txt
writing entry points to ../../build/lab1_amr/lab1_amr.egg-info/entry_points.txt
writing requirements to ../../build/lab1_amr/lab1_amr.egg-info/requires.txt
writing top-level names to ../../build/lab1_amr/lab1_amr.egg-info/top_level.txt
reading manifest file '../../build/lab1_amr/lab1_amr.egg-info/SOURCES.txt'
writing manifest file '../../build/lab1_amr/lab1_amr.egg-info/SOURCES.txt'
running build
running build_py
creating /home/hero/fra532_ws/build/lab1_amr/build
creating /home/hero/fra532_ws/build/lab1_amr/build/lib
creating /home/hero/fra532_ws/build/lab1_amr/build/lib/lab1_amr
copying lab1_amr/ekf_yaw_fusion.py -> /home/hero/fra532_ws/build/lab1_amr/build/lib/lab1_amr
copying lab1_amr/wheel_odom.py -> /home/hero/fra532_ws/build/lab1_amr/build/lib/lab1_amr
copying lab1_amr/icp_odom.py -> /home/hero/fra532_ws/build/lab1_amr/build/lib/lab1_amr
copying lab1_amr/__init__.py -> /home/hero/fra532_ws/build/lab1_amr/build/lib/lab1_amr
running install
running install_lib
creating /home/hero/fra532_ws/install/lab1_amr/lib/python3.10/site-packages/lab1_amr
copying /home/hero/fra532_ws/build/lab1_amr/build/lib/lab1_amr/ekf_yaw_fusion.py -> /home/hero/fra532_ws/install/lab1_amr/lib/python3.10/site-packages/lab1_amr
copying /home/hero/fra532_ws/build/lab1_amr/build/lib/lab1_amr/wheel_odom.py -> /home/hero/fra532_ws/install/lab1_amr/lib/python3.10/site-packages/lab1_amr
copying /home/hero/fra532_ws/build/lab1_amr/build/lib/lab1_amr/icp_odom.py -> /home/hero/fra532_ws/install/lab1_amr/lib/python3.10/site-packages/lab1_amr
copying /home/hero/fra532_ws/build/lab1_amr/build/lib/lab1_amr/__init__.py -> /home/hero/fra532_ws/install/lab1_amr/lib/python3.10/site-packages/lab1_amr
byte-compiling /home/hero/fra532_ws/install/lab1_amr/lib/python3.10/site-packages/lab1_amr/ekf_yaw_fusion.py to ekf_yaw_fusion.cpython-310.pyc
byte-compiling /home/hero/fra532_ws/install/lab1_amr/lib/python3.10/site-packages/lab1_amr/wheel_odom.py to wheel_odom.cpython-310.pyc
byte-compiling /home/hero/fra532_ws/install/lab1_amr/lib/python3.10/site-packages/lab1_amr/icp_odom.py to icp_odom.cpython-310.pyc
byte-compiling /home/hero/fra532_ws/install/lab1_amr/lib/python3.10/site-packages/lab1_amr/__init__.py to __init__.cpython-310.pyc
running install_data
copying resource/lab1_amr -> /home/hero/fra532_ws/install/lab1_amr/share/ament_index/resource_index/packages
copying package.xml -> /home/hero/fra532_ws/install/lab1_amr/share/lab1_amr
copying launch/lab1_a_bag.launch.py -> /home/hero/fra532_ws/install/lab1_amr/share/lab1_amr/launch
copying launch/part3_slam.launch.py -> /home/hero/fra532_ws/install/lab1_amr/share/lab1_amr/launch
copying launch/slam_full.launch.py -> /home/hero/fra532_ws/install/lab1_amr/share/lab1_amr/launch
copying config/wheel_params.yaml -> /home/hero/fra532_ws/install/lab1_amr/share/lab1_amr/config
copying config/ekf_params.yaml -> /home/hero/fra532_ws/install/lab1_amr/share/lab1_amr/config
copying config/icp_params.yaml -> /home/hero/fra532_ws/install/lab1_amr/share/lab1_amr/config
copying config/slam_params.yaml -> /home/hero/fra532_ws/install/lab1_amr/share/lab1_amr/config
copying rviz/lab1.rviz -> /home/hero/fra532_ws/install/lab1_amr/share/lab1_amr/rviz
running install_egg_info
Copying ../../build/lab1_amr/lab1_amr.egg-info to /home/hero/fra532_ws/install/lab1_amr/lib/python3.10/site-packages/lab1_amr-0.0.0-py3.10.egg-info
running install_scripts
Installing ekf_yaw_fusion script to /home/hero/fra532_ws/install/lab1_amr/lib/lab1_amr
Installing icp_odom script to /home/hero/fra532_ws/install/lab1_amr/lib/lab1_amr
Installing wheel_odom script to /home/hero/fra532_ws/install/lab1_amr/lib/lab1_amr
writing list of installed files to '/home/hero/fra532_ws/build/lab1_amr/install.log'
