[0.388s] Invoking command in '/home/hero/fra532_ws/build/lab1_amr': PYTHONPATH=/home/hero/fra532_ws/build/lab1_amr/prefix_override:/usr/lib/python3/dist-packages/colcon_core/task/python/colcon_distutils_commands:/home/hero/fra532_ws/install/lab1_amr/lib/python3.10/site-packages:${PYTHONPATH} /usr/bin/python3 -W ignore:setup.py install is deprecated -W ignore:easy_install command is deprecated setup.py develop --uninstall --editable --build-directory /home/hero/fra532_ws/build/lab1_amr/build
[0.542s] running develop
[0.628s] Removing /home/hero/fra532_ws/install/lab1_amr/lib/python3.10/site-packages/lab1-amr.egg-link (link to .)
[0.647s] Invoked command in '/home/hero/fra532_ws/build/lab1_amr' returned '0': PYTHONPATH=/home/hero/fra532_ws/build/lab1_amr/prefix_override:/usr/lib/python3/dist-packages/colcon_core/task/python/colcon_distutils_commands:/home/hero/fra532_ws/install/lab1_amr/lib/python3.10/site-packages:${PYTHONPATH} /usr/bin/python3 -W ignore:setup.py install is deprecated -W ignore:easy_install command is deprecated setup.py develop --uninstall --editable --build-directory /home/hero/fra532_ws/build/lab1_amr/build
[0.649s] Invoking command in '/home/hero/fra532_ws/src/lab1_amr': PYTHONPATH=/home/hero/fra532_ws/build/lab1_amr/prefix_override:/usr/lib/python3/dist-packages/colcon_core/task/python/colcon_distutils_commands:/home/hero/fra532_ws/install/lab1_amr/lib/python3.10/site-packages:${PYTHONPATH} /usr/bin/python3 -W ignore:setup.py install is deprecated -W ignore:easy_install command is deprecated setup.py egg_info --egg-base ../../build/lab1_amr build --build-base /home/hero/fra532_ws/build/lab1_amr/build install --record /home/hero/fra532_ws/build/lab1_amr/install.log --single-version-externally-managed install_data --force
[0.785s] running egg_info
[0.786s] writing ../../build/lab1_amr/lab1_amr.egg-info/PKG-INFO
[0.786s] writing dependency_links to ../../build/lab1_amr/lab1_amr.egg-info/dependency_links.txt
[0.786s] writing entry points to ../../build/lab1_amr/lab1_amr.egg-info/entry_points.txt
[0.786s] writing requirements to ../../build/lab1_amr/lab1_amr.egg-info/requires.txt
[0.786s] writing top-level names to ../../build/lab1_amr/lab1_amr.egg-info/top_level.txt
[0.787s] reading manifest file '../../build/lab1_amr/lab1_amr.egg-info/SOURCES.txt'
[0.788s] writing manifest file '../../build/lab1_amr/lab1_amr.egg-info/SOURCES.txt'
[0.788s] running build
[0.788s] running build_py
[0.788s] creating /home/hero/fra532_ws/build/lab1_amr/build
[0.788s] creating /home/hero/fra532_ws/build/lab1_amr/build/lib
[0.789s] creating /home/hero/fra532_ws/build/lab1_amr/build/lib/lab1_amr
[0.789s] copying lab1_amr/ekf_yaw_fusion.py -> /home/hero/fra532_ws/build/lab1_amr/build/lib/lab1_amr
[0.789s] copying lab1_amr/wheel_odom.py -> /home/hero/fra532_ws/build/lab1_amr/build/lib/lab1_amr
[0.789s] copying lab1_amr/icp_odom.py -> /home/hero/fra532_ws/build/lab1_amr/build/lib/lab1_amr
[0.789s] copying lab1_amr/__init__.py -> /home/hero/fra532_ws/build/lab1_amr/build/lib/lab1_amr
[0.789s] running install
[0.789s] running install_lib
[0.789s] creating /home/hero/fra532_ws/install/lab1_amr/lib/python3.10/site-packages/lab1_amr
[0.789s] copying /home/hero/fra532_ws/build/lab1_amr/build/lib/lab1_amr/ekf_yaw_fusion.py -> /home/hero/fra532_ws/install/lab1_amr/lib/python3.10/site-packages/lab1_amr
[0.789s] copying /home/hero/fra532_ws/build/lab1_amr/build/lib/lab1_amr/wheel_odom.py -> /home/hero/fra532_ws/install/lab1_amr/lib/python3.10/site-packages/lab1_amr
[0.789s] copying /home/hero/fra532_ws/build/lab1_amr/build/lib/lab1_amr/icp_odom.py -> /home/hero/fra532_ws/install/lab1_amr/lib/python3.10/site-packages/lab1_amr
[0.789s] copying /home/hero/fra532_ws/build/lab1_amr/build/lib/lab1_amr/__init__.py -> /home/hero/fra532_ws/install/lab1_amr/lib/python3.10/site-packages/lab1_amr
[0.790s] byte-compiling /home/hero/fra532_ws/install/lab1_amr/lib/python3.10/site-packages/lab1_amr/ekf_yaw_fusion.py to ekf_yaw_fusion.cpython-310.pyc
[0.791s] byte-compiling /home/hero/fra532_ws/install/lab1_amr/lib/python3.10/site-packages/lab1_amr/wheel_odom.py to wheel_odom.cpython-310.pyc
[0.791s] byte-compiling /home/hero/fra532_ws/install/lab1_amr/lib/python3.10/site-packages/lab1_amr/icp_odom.py to icp_odom.cpython-310.pyc
[0.793s] byte-compiling /home/hero/fra532_ws/install/lab1_amr/lib/python3.10/site-packages/lab1_amr/__init__.py to __init__.cpython-310.pyc
[0.793s] running install_data
[0.794s] copying resource/lab1_amr -> /home/hero/fra532_ws/install/lab1_amr/share/ament_index/resource_index/packages
[0.794s] copying package.xml -> /home/hero/fra532_ws/install/lab1_amr/share/lab1_amr
[0.794s] copying launch/lab1_a_bag.launch.py -> /home/hero/fra532_ws/install/lab1_amr/share/lab1_amr/launch
[0.794s] copying launch/part3_slam.launch.py -> /home/hero/fra532_ws/install/lab1_amr/share/lab1_amr/launch
[0.794s] copying launch/slam_full.launch.py -> /home/hero/fra532_ws/install/lab1_amr/share/lab1_amr/launch
[0.794s] copying config/wheel_params.yaml -> /home/hero/fra532_ws/install/lab1_amr/share/lab1_amr/config
[0.794s] copying config/ekf_params.yaml -> /home/hero/fra532_ws/install/lab1_amr/share/lab1_amr/config
[0.794s] copying config/icp_params.yaml -> /home/hero/fra532_ws/install/lab1_amr/share/lab1_amr/config
[0.794s] copying config/slam_params.yaml -> /home/hero/fra532_ws/install/lab1_amr/share/lab1_amr/config
[0.794s] copying rviz/lab1.rviz -> /home/hero/fra532_ws/install/lab1_amr/share/lab1_amr/rviz
[0.794s] running install_egg_info
[0.795s] Copying ../../build/lab1_amr/lab1_amr.egg-info to /home/hero/fra532_ws/install/lab1_amr/lib/python3.10/site-packages/lab1_amr-0.0.0-py3.10.egg-info
[0.796s] running install_scripts
[0.807s] Installing ekf_yaw_fusion script to /home/hero/fra532_ws/install/lab1_amr/lib/lab1_amr
[0.807s] Installing icp_odom script to /home/hero/fra532_ws/install/lab1_amr/lib/lab1_amr
[0.807s] Installing wheel_odom script to /home/hero/fra532_ws/install/lab1_amr/lib/lab1_amr
[0.808s] writing list of installed files to '/home/hero/fra532_ws/build/lab1_amr/install.log'
[0.829s] Invoked command in '/home/hero/fra532_ws/src/lab1_amr' returned '0': PYTHONPATH=/home/hero/fra532_ws/build/lab1_amr/prefix_override:/usr/lib/python3/dist-packages/colcon_core/task/python/colcon_distutils_commands:/home/hero/fra532_ws/install/lab1_amr/lib/python3.10/site-packages:${PYTHONPATH} /usr/bin/python3 -W ignore:setup.py install is deprecated -W ignore:easy_install command is deprecated setup.py egg_info --egg-base ../../build/lab1_amr build --build-base /home/hero/fra532_ws/build/lab1_amr/build install --record /home/hero/fra532_ws/build/lab1_amr/install.log --single-version-externally-managed install_data --force
