[0.412s] Invoking command in '/home/hero/fra532_ws/build/lab1_amr': PYTHONPATH=/home/hero/fra532_ws/build/lab1_amr/prefix_override:/usr/lib/python3/dist-packages/colcon_core/task/python/colcon_distutils_commands:/home/hero/fra532_ws/install/lab1_amr/lib/python3.10/site-packages:${PYTHONPATH} /usr/bin/python3 -W ignore:setup.py install is deprecated -W ignore:easy_install command is deprecated setup.py develop --editable --build-directory /home/hero/fra532_ws/build/lab1_amr/build --no-deps symlink_data
[0.571s] running develop
[0.657s] running egg_info
[0.657s] writing lab1_amr.egg-info/PKG-INFO
[0.657s] writing dependency_links to lab1_amr.egg-info/dependency_links.txt
[0.657s] writing entry points to lab1_amr.egg-info/entry_points.txt
[0.657s] writing requirements to lab1_amr.egg-info/requires.txt
[0.657s] writing top-level names to lab1_amr.egg-info/top_level.txt
[0.659s] reading manifest file 'lab1_amr.egg-info/SOURCES.txt'
[0.659s] writing manifest file 'lab1_amr.egg-info/SOURCES.txt'
[0.660s] running build_ext
[0.661s] Creating /home/hero/fra532_ws/install/lab1_amr/lib/python3.10/site-packages/lab1-amr.egg-link (link to .)
[0.661s] Installing ekf_yaw_fusion script to /home/hero/fra532_ws/install/lab1_amr/lib/lab1_amr
[0.661s] Installing icp_odom script to /home/hero/fra532_ws/install/lab1_amr/lib/lab1_amr
[0.661s] Installing wheel_odom script to /home/hero/fra532_ws/install/lab1_amr/lib/lab1_amr
[0.661s] 
[0.661s] Installed /home/hero/fra532_ws/build/lab1_amr
[0.661s] running symlink_data
[0.661s] creating /home/hero/fra532_ws/install/lab1_amr/share/lab1_amr/launch
[0.661s] symbolically linking /home/hero/fra532_ws/build/lab1_amr/launch/lab1_a_bag.launch.py -> /home/hero/fra532_ws/install/lab1_amr/share/lab1_amr/launch
[0.661s] creating /home/hero/fra532_ws/install/lab1_amr/share/lab1_amr/config
[0.662s] symbolically linking /home/hero/fra532_ws/build/lab1_amr/config/wheel_params.yaml -> /home/hero/fra532_ws/install/lab1_amr/share/lab1_amr/config
[0.662s] symbolically linking /home/hero/fra532_ws/build/lab1_amr/config/ekf_params.yaml -> /home/hero/fra532_ws/install/lab1_amr/share/lab1_amr/config
[0.662s] symbolically linking /home/hero/fra532_ws/build/lab1_amr/config/icp_params.yaml -> /home/hero/fra532_ws/install/lab1_amr/share/lab1_amr/config
[0.662s] creating /home/hero/fra532_ws/install/lab1_amr/share/lab1_amr/rviz
[0.662s] symbolically linking /home/hero/fra532_ws/build/lab1_amr/rviz/lab1.rviz -> /home/hero/fra532_ws/install/lab1_amr/share/lab1_amr/rviz
[0.679s] Invoked command in '/home/hero/fra532_ws/build/lab1_amr' returned '0': PYTHONPATH=/home/hero/fra532_ws/build/lab1_amr/prefix_override:/usr/lib/python3/dist-packages/colcon_core/task/python/colcon_distutils_commands:/home/hero/fra532_ws/install/lab1_amr/lib/python3.10/site-packages:${PYTHONPATH} /usr/bin/python3 -W ignore:setup.py install is deprecated -W ignore:easy_install command is deprecated setup.py develop --editable --build-directory /home/hero/fra532_ws/build/lab1_amr/build --no-deps symlink_data
